node.exe : FAIL 
tests/auth.test.ts
At line:1 char:1
+ & "C:\Program Files
\nodejs/node.exe" 
"C:\Program 
Files\nodejs/node_mo 
...
+ ~~~~~~~~~~~~~~~~~~~
~~~~~~~~~~~~~~~~~~~~~
~~~~~~~~~~~~~~~~~~~~~
~~~~~~~~
    + CategoryInfo   
           : NotSpe  
  cified: (FAIL te   
 sts/auth.test.ts    
:String) [], Rem    
oteException
    + FullyQualified 
   ErrorId : Native  
  CommandError
 
  ΓùÅ Test suite 
failed to run

    Jest encountered 
an unexpected token

    Jest failed to 
parse a file. This 
happens e.g. when 
your code or its 
dependencies use 
non-standard 
JavaScript syntax, 
or when Jest is not 
configured to 
support such syntax.

    Out of the box 
Jest supports Babel, 
which will be used 
to transform your 
files into valid JS 
based on your Babel 
configuration.

    By default 
"node_modules" 
folder is ignored by 
transformers.

    Here's what you 
can do:
     ΓÇó If you are 
trying to use 
ECMAScript Modules, 
see https://jestjs.io
/docs/ecmascript-modu
les for how to 
enable it.
     ΓÇó If you are 
trying to use 
TypeScript, see https
://jestjs.io/docs/get
ting-started#using-ty
pescript
     ΓÇó To have 
some of your 
"node_modules" files 
transformed, you can 
specify a custom "tra
nsformIgnorePatterns"
 in your config.
     ΓÇó If you need 
a custom 
transformation, 
specify a 
"transform" option 
in your config.
     ΓÇó If you 
simply want to mock 
your non-JS modules 
(e.g. binary assets) 
you can stub them 
out with the 
"moduleNameMapper" 
config option.

    You'll find more 
details and examples 
of these config 
options in the docs:
    https://jestjs.io
/docs/configuration
    For information 
about custom 
transformations, see:
    https://jestjs.io
/docs/code-transforma
tion

    Details:

    C:\Users\HomePC\D
esktop\FH-backend\gen
erated\prisma\index.j
s:1
    export { 
PrismaClient, Prisma 
} from './client.ts';
    ^^^^^^

    SyntaxError: 
Unexpected token 
'export'

    [0m [90m 1 
|[39m 
[36mimport[39m { 
jest[33m,[39m 
beforeEach } 
[36mfrom[39m [32m'
@jest/globals'[39m[
33m;[39m
     [90m 2 |[39m 
[36mimport[39m { 
mockDeep[33m,[39m 
type [33mDeepMockPro
xy[39m } 
[36mfrom[39m [32m'
jest-mock-extended'[
39m[33m;[39m
    [31m[1m>[22m[
39m[90m 3 |[39m 
[36mimport[39m { [
33mPrismaClient[39m 
} [36mfrom[39m [32
m'../generated/prisma
/index.js'[39m[33m;
[39m
     [90m   |[39m 
[31m[1m^[22m[39m
     [90m 4 |[39m 
[36mimport[39m { 
prisma } 
[36mfrom[39m [32m'
../lib/prisma.js'[39
m[33m;[39m
     [90m 5 |[39m
     [90m 6 |[39m j
est[33m.[39mmock([
32m'../lib/prisma.js'
[39m[33m,[39m () 
[33m=>[39m ({[0m

      at Runtime.crea
teScriptFromCode (nod
e_modules/jest-runtim
e/build/index.js:1318
:40)
      at 
Object.<anonymous> (t
ests/prismaMock.ts:3:
1)

Test Suites: 1 
failed, 1 total
Tests:       0 total
Snapshots:   0 total
Time:        0.545 s
Ran all test suites 
matching 
tests/auth.test.ts.
